{
  "version": "1.5.45",
  "plugins_used": [
    {
      "name": "ArtifactoryDetector"
    },
    {
      "name": "AWSKeyDetector"
    },
    {
      "name": "AzureStorageKeyDetector"
    },
    {
      "name": "Base64HighEntropyString",
      "limit": 4.5
    },
    {
      "name": "BasicAuthDetector"
    },
    {
      "name": "CloudantDetector"
    },
    {
      "name": "DiscordBotTokenDetector"
    },
    {
      "name": "GitHubTokenDetector"
    },
    {
      "name": "GitLabTokenDetector"
    },
    {
      "name": "HexHighEntropyString",
      "limit": 3.0
    },
    {
      "name": "IbmCloudIamDetector"
    },
    {
      "name": "IbmCosHmacDetector"
    },
    {
      "name": "IPPublicDetector"
    },
    {
      "name": "JwtTokenDetector"
    },
    {
      "name": "KeywordDetector",
      "keyword_exclude": ""
    },
    {
      "name": "MailchimpDetector"
    },
    {
      "name": "NpmDetector"
    },
    {
      "name": "OpenAIDetector"
    },
    {
      "name": "PrivateKeyDetector"
    },
    {
      "name": "PypiTokenDetector"
    },
    {
      "name": "SendGridDetector"
    },
    {
      "name": "SlackDetector"
    },
    {
      "name": "SoftlayerDetector"
    },
    {
      "name": "SquareOAuthDetector"
    },
    {
      "name": "StripeDetector"
    },
    {
      "name": "TelegramBotTokenDetector"
    },
    {
      "name": "TwilioKeyDetector"
    }
  ],
  "filters_used": [
    {
      "path": "detect_secrets.filters.allowlist.is_line_allowlisted"
    },
    {
      "path": "detect_secrets.filters.common.is_baseline_file",
      "filename": "C:\\DEMOP\\d2-ride-booking\\security\\.secrets.baseline"
    },
    {
      "path": "detect_secrets.filters.common.is_ignored_due_to_verification_policies",
      "min_level": 2
    },
    {
      "path": "detect_secrets.filters.heuristic.is_indirect_reference"
    },
    {
      "path": "detect_secrets.filters.heuristic.is_likely_id_string"
    },
    {
      "path": "detect_secrets.filters.heuristic.is_lock_file"
    },
    {
      "path": "detect_secrets.filters.heuristic.is_not_alphanumeric_string"
    },
    {
      "path": "detect_secrets.filters.heuristic.is_potential_uuid"
    },
    {
      "path": "detect_secrets.filters.heuristic.is_prefixed_with_dollar_sign"
    },
    {
      "path": "detect_secrets.filters.heuristic.is_sequential_string"
    },
    {
      "path": "detect_secrets.filters.heuristic.is_swagger_file"
    },
    {
      "path": "detect_secrets.filters.heuristic.is_templated_secret"
    },
    {
      "path": "detect_secrets.filters.regex.should_exclude_file",
      "pattern": [
        "(node_modules|\\.git|\\.aws-sam|dist|build|coverage|\\.terraform|dependency-check-data|result|\\.secrets.baseline|\\.env)"
      ]
    }
  ],
  "results": {
    "api\\src\\middleware\\__tests__\\auth.middleware.test.ts": [
      {
        "type": "Secret Keyword",
        "filename": "api\\src\\middleware\\__tests__\\auth.middleware.test.ts",
        "hashed_secret": "0f12541afcce175fb34bb05a79c95b76e765488b",
        "is_verified": false,
        "line_number": 28,
        "is_added": false,
        "is_removed": false
      },
      {
        "type": "Secret Keyword",
        "filename": "api\\src\\middleware\\__tests__\\auth.middleware.test.ts",
        "hashed_secret": "26b56c1bdfb048c3e46419fde332bab76deb2cd3",
        "is_verified": false,
        "line_number": 59,
        "is_added": false,
        "is_removed": false
      },
      {
        "type": "Secret Keyword",
        "filename": "api\\src\\middleware\\__tests__\\auth.middleware.test.ts",
        "hashed_secret": "87ea5dfc8b8e384d848979496e706390b497e547",
        "is_verified": false,
        "line_number": 80,
        "is_added": false,
        "is_removed": false
      }
    ],
    "api\\src\\middleware\\__tests__\\guard.middleware.test.ts": [
      {
        "type": "Secret Keyword",
        "filename": "api\\src\\middleware\\__tests__\\guard.middleware.test.ts",
        "hashed_secret": "0f12541afcce175fb34bb05a79c95b76e765488b",
        "is_verified": false,
        "line_number": 42,
        "is_added": false,
        "is_removed": false
      }
    ],
    "api\\src\\middleware\\auth.middleware.ts": [
      {
        "type": "Secret Keyword",
        "filename": "api\\src\\middleware\\auth.middleware.ts",
        "hashed_secret": "0f12541afcce175fb34bb05a79c95b76e765488b",
        "is_verified": false,
        "line_number": 36,
        "is_added": false,
        "is_removed": false
      }
    ],
    "api\\src\\middleware\\guard.middleware.ts": [
      {
        "type": "Secret Keyword",
        "filename": "api\\src\\middleware\\guard.middleware.ts",
        "hashed_secret": "0f12541afcce175fb34bb05a79c95b76e765488b",
        "is_verified": false,
        "line_number": 59,
        "is_added": false,
        "is_removed": false
      }
    ],
    "api\\src\\models\\auth.model.ts": [
      {
        "type": "Secret Keyword",
        "filename": "api\\src\\models\\auth.model.ts",
        "hashed_secret": "0f12541afcce175fb34bb05a79c95b76e765488b",
        "is_verified": false,
        "line_number": 6,
        "is_added": false,
        "is_removed": false
      }
    ],
    "api\\src\\routes\\auth.routes.ts": [
      {
        "type": "Secret Keyword",
        "filename": "api\\src\\routes\\auth.routes.ts",
        "hashed_secret": "0f12541afcce175fb34bb05a79c95b76e765488b",
        "is_verified": false,
        "line_number": 170,
        "is_added": false,
        "is_removed": false
      }
    ],
    "api\\src\\test\\setup.ts": [
      {
        "type": "Basic Auth Credentials",
        "filename": "api\\src\\test\\setup.ts",
        "hashed_secret": "9d4e1e23bd5b727046a9e3b4b7db57bd8d6ee684",
        "is_verified": false,
        "line_number": 8,
        "is_added": false,
        "is_removed": false
      }
    ],
    "api\\src\\utils\\__tests__\\jwt.util.test.ts": [
      {
        "type": "Secret Keyword",
        "filename": "api\\src\\utils\\__tests__\\jwt.util.test.ts",
        "hashed_secret": "0f12541afcce175fb34bb05a79c95b76e765488b",
        "is_verified": false,
        "line_number": 15,
        "is_added": false,
        "is_removed": false
      }
    ],
    "frontend\\admin_dashboard\\src\\app\\api\\__tests__\\auth.test.ts": [
      {
        "type": "Secret Keyword",
        "filename": "frontend\\admin_dashboard\\src\\app\\api\\__tests__\\auth.test.ts",
        "hashed_secret": "0f12541afcce175fb34bb05a79c95b76e765488b",
        "is_verified": false,
        "line_number": 14,
        "is_added": false,
        "is_removed": false
      },
      {
        "type": "Secret Keyword",
        "filename": "frontend\\admin_dashboard\\src\\app\\api\\__tests__\\auth.test.ts",
        "hashed_secret": "26b56c1bdfb048c3e46419fde332bab76deb2cd3",
        "is_verified": false,
        "line_number": 15,
        "is_added": false,
        "is_removed": false
      }
    ],
    "frontend\\admin_dashboard\\src\\app\\auth\\__tests__\\authStore.test.ts": [
      {
        "type": "Secret Keyword",
        "filename": "frontend\\admin_dashboard\\src\\app\\auth\\__tests__\\authStore.test.ts",
        "hashed_secret": "0f12541afcce175fb34bb05a79c95b76e765488b",
        "is_verified": false,
        "line_number": 17,
        "is_added": false,
        "is_removed": false
      },
      {
        "type": "Secret Keyword",
        "filename": "frontend\\admin_dashboard\\src\\app\\auth\\__tests__\\authStore.test.ts",
        "hashed_secret": "26b56c1bdfb048c3e46419fde332bab76deb2cd3",
        "is_verified": false,
        "line_number": 18,
        "is_added": false,
        "is_removed": false
      }
    ],
    "infra\\terraform\\environments\\bootstrap\\terraform.tfstate": [
      {
        "type": "Hex High Entropy String",
        "filename": "infra\\terraform\\environments\\bootstrap\\terraform.tfstate",
        "hashed_secret": "cbc1f47e57ba98544b156d9f7d45542e9475686f",
        "is_verified": false,
        "line_number": 48,
        "is_added": false,
        "is_removed": false
      },
      {
        "type": "Hex High Entropy String",
        "filename": "infra\\terraform\\environments\\bootstrap\\terraform.tfstate",
        "hashed_secret": "1583f84aecd79812f156ed914a879c2607c116bf",
        "is_verified": false,
        "line_number": 49,
        "is_added": false,
        "is_removed": false
      }
    ],
    "infra\\terraform\\environments\\dev\\main.tf": [
      {
        "type": "Secret Keyword",
        "filename": "infra\\terraform\\environments\\dev\\main.tf",
        "hashed_secret": "a58dd59980a89cf25daba9a1ee3d867806687fd6",
        "is_verified": false,
        "line_number": 80,
        "is_added": false,
        "is_removed": false
      }
    ]
  },
  "generated_at": "2026-01-02T19:01:40Z"
}
