{
  "version": "1.5.45",
  "plugins_used": [
    {
      "name": "ArtifactoryDetector"
    },
    {
      "name": "AWSKeyDetector"
    },
    {
      "name": "AzureStorageKeyDetector"
    },
    {
      "name": "Base64HighEntropyString",
      "limit": 4.5
    },
    {
      "name": "BasicAuthDetector"
    },
    {
      "name": "CloudantDetector"
    },
    {
      "name": "DiscordBotTokenDetector"
    },
    {
      "name": "GitHubTokenDetector"
    },
    {
      "name": "GitLabTokenDetector"
    },
    {
      "name": "HexHighEntropyString",
      "limit": 3.0
    },
    {
      "name": "IbmCloudIamDetector"
    },
    {
      "name": "IbmCosHmacDetector"
    },
    {
      "name": "IPPublicDetector"
    },
    {
      "name": "JwtTokenDetector"
    },
    {
      "name": "KeywordDetector",
      "keyword_exclude": ""
    },
    {
      "name": "MailchimpDetector"
    },
    {
      "name": "NpmDetector"
    },
    {
      "name": "OpenAIDetector"
    },
    {
      "name": "PrivateKeyDetector"
    },
    {
      "name": "PypiTokenDetector"
    },
    {
      "name": "SendGridDetector"
    },
    {
      "name": "SlackDetector"
    },
    {
      "name": "SoftlayerDetector"
    },
    {
      "name": "SquareOAuthDetector"
    },
    {
      "name": "StripeDetector"
    },
    {
      "name": "TelegramBotTokenDetector"
    },
    {
      "name": "TwilioKeyDetector"
    }
  ],
  "filters_used": [
    {
      "path": "detect_secrets.filters.allowlist.is_line_allowlisted"
    },
    {
      "path": "detect_secrets.filters.common.is_baseline_file",
      "filename": "C:\\DEMOP\\d2-ride-booking\\security\\.secrets.baseline"
    },
    {
      "path": "detect_secrets.filters.common.is_ignored_due_to_verification_policies",
      "min_level": 2
    },
    {
      "path": "detect_secrets.filters.heuristic.is_indirect_reference"
    },
    {
      "path": "detect_secrets.filters.heuristic.is_likely_id_string"
    },
    {
      "path": "detect_secrets.filters.heuristic.is_lock_file"
    },
    {
      "path": "detect_secrets.filters.heuristic.is_not_alphanumeric_string"
    },
    {
      "path": "detect_secrets.filters.heuristic.is_potential_uuid"
    },
    {
      "path": "detect_secrets.filters.heuristic.is_prefixed_with_dollar_sign"
    },
    {
      "path": "detect_secrets.filters.heuristic.is_sequential_string"
    },
    {
      "path": "detect_secrets.filters.heuristic.is_swagger_file"
    },
    {
      "path": "detect_secrets.filters.heuristic.is_templated_secret"
    },
    {
      "path": "detect_secrets.filters.regex.should_exclude_file",
      "pattern": [
        "(node_modules|\\.git|\\.aws-sam|dist|build|coverage|\\.terraform|dependency-check-data|result|\\.secrets.baseline|\\.env)"
      ]
    }
  ],
  "results": {
    "docs\\04-auth-flows.md": [
      {
        "type": "Secret Keyword",
        "filename": "docs\\04-auth-flows.md",
        "hashed_secret": "5038e18712161fca54e52805726d3c70b296eff6",
        "is_verified": false,
        "line_number": 30,
        "is_added": false,
        "is_removed": false
      },
      {
        "type": "Secret Keyword",
        "filename": "docs\\04-auth-flows.md",
        "hashed_secret": "b57fa0798cf182195d00866158f0f022ad324741",
        "is_verified": false,
        "line_number": 101,
        "is_added": false,
        "is_removed": false
      },
      {
        "type": "Secret Keyword",
        "filename": "docs\\04-auth-flows.md",
        "hashed_secret": "965b9aa99d2b8a748a8f5247d0871574c6a350c8",
        "is_verified": false,
        "line_number": 215,
        "is_added": false,
        "is_removed": false
      },
      {
        "type": "Secret Keyword",
        "filename": "docs\\04-auth-flows.md",
        "hashed_secret": "c35a8f3c8f616e2c82b6545a5b99ce9dd8d0b6e3",
        "is_verified": false,
        "line_number": 379,
        "is_added": false,
        "is_removed": false
      },
      {
        "type": "Secret Keyword",
        "filename": "docs\\04-auth-flows.md",
        "hashed_secret": "0c8109a59b2f3fa1d33fa9faae6b9e4133756998",
        "is_verified": false,
        "line_number": 380,
        "is_added": false,
        "is_removed": false
      }
    ],
    "docs\\04-cognito-setup.md": [
      {
        "type": "Secret Keyword",
        "filename": "docs\\04-cognito-setup.md",
        "hashed_secret": "be2e2bb698c7a42a8ff654d6025fa7c4c335bfc9",
        "is_verified": false,
        "line_number": 210,
        "is_added": false,
        "is_removed": false
      },
      {
        "type": "Secret Keyword",
        "filename": "docs\\04-cognito-setup.md",
        "hashed_secret": "5548ae4f34cbb6e30414532924e2088d915b460f",
        "is_verified": false,
        "line_number": 212,
        "is_added": false,
        "is_removed": false
      },
      {
        "type": "Basic Auth Credentials",
        "filename": "docs\\04-cognito-setup.md",
        "hashed_secret": "5baa61e4c9b93f3f0682250b6cf8331b7ee68fd8",
        "is_verified": false,
        "line_number": 630,
        "is_added": false,
        "is_removed": false
      }
    ],
    "frontend\\admin_dashboard\\src\\app\\api\\__tests__\\auth.test.ts": [
      {
        "type": "Secret Keyword",
        "filename": "frontend\\admin_dashboard\\src\\app\\api\\__tests__\\auth.test.ts",
        "hashed_secret": "0f12541afcce175fb34bb05a79c95b76e765488b",
        "is_verified": false,
        "line_number": 14,
        "is_added": false,
        "is_removed": false
      },
      {
        "type": "Secret Keyword",
        "filename": "frontend\\admin_dashboard\\src\\app\\api\\__tests__\\auth.test.ts",
        "hashed_secret": "26b56c1bdfb048c3e46419fde332bab76deb2cd3",
        "is_verified": false,
        "line_number": 15,
        "is_added": false,
        "is_removed": false
      }
    ],
    "frontend\\admin_dashboard\\src\\app\\auth\\__tests__\\authStore.test.ts": [
      {
        "type": "Secret Keyword",
        "filename": "frontend\\admin_dashboard\\src\\app\\auth\\__tests__\\authStore.test.ts",
        "hashed_secret": "0f12541afcce175fb34bb05a79c95b76e765488b",
        "is_verified": false,
        "line_number": 17,
        "is_added": false,
        "is_removed": false
      },
      {
        "type": "Secret Keyword",
        "filename": "frontend\\admin_dashboard\\src\\app\\auth\\__tests__\\authStore.test.ts",
        "hashed_secret": "26b56c1bdfb048c3e46419fde332bab76deb2cd3",
        "is_verified": false,
        "line_number": 18,
        "is_added": false,
        "is_removed": false
      }
    ],
    "infra\\terraform\\environments\\bootstrap\\terraform.tfstate": [
      {
        "type": "Hex High Entropy String",
        "filename": "infra\\terraform\\environments\\bootstrap\\terraform.tfstate",
        "hashed_secret": "cbc1f47e57ba98544b156d9f7d45542e9475686f",
        "is_verified": false,
        "line_number": 48,
        "is_added": false,
        "is_removed": false
      },
      {
        "type": "Hex High Entropy String",
        "filename": "infra\\terraform\\environments\\bootstrap\\terraform.tfstate",
        "hashed_secret": "1583f84aecd79812f156ed914a879c2607c116bf",
        "is_verified": false,
        "line_number": 49,
        "is_added": false,
        "is_removed": false
      }
    ],
    "infra\\terraform\\environments\\dev\\main.tf": [
      {
        "type": "Secret Keyword",
        "filename": "infra\\terraform\\environments\\dev\\main.tf",
        "hashed_secret": "a58dd59980a89cf25daba9a1ee3d867806687fd6",
        "is_verified": false,
        "line_number": 80,
        "is_added": false,
        "is_removed": false
      }
    ]
  },
  "generated_at": "2026-01-05T17:15:05Z"
}
